Microsoft Windows [Version 10.0.19042.1526]
(c) Microsoft Corporation. All rights reserved.

C:\Users\kshtyagi>git --version
git version 2.17.0.windows.1

C:\Users\kshtyagi>ls
'ls' is not recognized as an internal or external command,
operable program or batch file.

C:\Users\kshtyagi>cd Documents

C:\Users\kshtyagi\Documents>cd GITRepo
The system cannot find the path specified.

C:\Users\kshtyagi\Documents>mkdir GITDir

C:\Users\kshtyagi\Documents>git init
Initialized empty Git repository in C:/Users/kshtyagi/Documents/.git/

C:\Users\kshtyagi\Documents>ls
'ls' is not recognized as an internal or external command,
operable program or batch file.

C:\Users\kshtyagi\Documents>cd GITDir

C:\Users\kshtyagi\Documents\GITDir>git init
Initialized empty Git repository in C:/Users/kshtyagi/Documents/GITDir/.git/

C:\Users\kshtyagi\Documents\GITDir>dir
 Volume in drive C is OSDisk
 Volume Serial Number is 5AA8-8529

 Directory of C:\Users\kshtyagi\Documents\GITDir

03/15/2022  10:07 AM    <DIR>          .
03/15/2022  10:07 AM    <DIR>          ..
               0 File(s)              0 bytes
               2 Dir(s)  419,424,100,352 bytes free

C:\Users\kshtyagi\Documents\GITDir>git status
On branch master

No commits yet

nothing to commit (create/copy files and use "git add" to track)

C:\Users\kshtyagi\Documents\GITDir>git status
On branch master

No commits yet

Untracked files:
  (use "git add <file>..." to include in what will be committed)

        Sample.txt

nothing added to commit but untracked files present (use "git add" to track)

C:\Users\kshtyagi\Documents\GITDir>git add Sample.txt

C:\Users\kshtyagi\Documents\GITDir>git status
On branch master

No commits yet

Changes to be committed:
  (use "git rm --cached <file>..." to unstage)

        new file:   Sample.txt


C:\Users\kshtyagi\Documents\GITDir>git status
On branch master

No commits yet

Changes to be committed:
  (use "git rm --cached <file>..." to unstage)

        new file:   Sample.txt

Untracked files:
  (use "git add <file>..." to include in what will be committed)

        Hi.html


C:\Users\kshtyagi\Documents\GITDir>git status
On branch master

No commits yet

Changes to be committed:
  (use "git rm --cached <file>..." to unstage)

        new file:   Sample.txt

Changes not staged for commit:
  (use "git add <file>..." to update what will be committed)
  (use "git checkout -- <file>..." to discard changes in working directory)

        modified:   Sample.txt

Untracked files:
  (use "git add <file>..." to include in what will be committed)

        Hi.html


C:\Users\kshtyagi\Documents\GITDir>git diff Sample.txt
diff --git a/Sample.txt b/Sample.txt
index e69de29..ae4e758 100644
--- a/Sample.txt
+++ b/Sample.txt
@@ -0,0 +1 @@
+Editing the Sample Txt file.
\ No newline at end of file

C:\Users\kshtyagi\Documents\GITDir>git config --global user.name "Kshitij"

C:\Users\kshtyagi\Documents\GITDir>git config --global user.email "kshitij.tyagi@publicissapient.com"

C:\Users\kshtyagi\Documents\GITDir>git diff Sample.txt
diff --git a/Sample.txt b/Sample.txt
index e69de29..16970e3 100644
--- a/Sample.txt
+++ b/Sample.txt
@@ -0,0 +1,2 @@
+Editing the Sample Txt.
+added and Removed.
\ No newline at end of file

C:\Users\kshtyagi\Documents\GITDir>git commit Sample.txt -m 'edited the file'
error: pathspec 'the' did not match any file(s) known to git.
error: pathspec 'file'' did not match any file(s) known to git.

C:\Users\kshtyagi\Documents\GITDir>git commit Sample.txt -m 'edited the file'
error: pathspec 'the' did not match any file(s) known to git.
error: pathspec 'file'' did not match any file(s) known to git.

C:\Users\kshtyagi\Documents\GITDir>git commit Sample.txt -m "edited the file"
[master (root-commit) 08733f6] edited the file
 1 file changed, 2 insertions(+)
 create mode 100644 Sample.txt

C:\Users\kshtyagi\Documents\GITDir>git status
On branch master
Untracked files:
  (use "git add <file>..." to include in what will be committed)

        Hi.html

nothing added to commit but untracked files present (use "git add" to track)

C:\Users\kshtyagi\Documents\GITDir>git remote add SapientRepo https://github.com/Kshitijtyagi/SapientRepo.git

C:\Users\kshtyagi\Documents\GITDir>git remote -v
SapientRepo     https://github.com/Kshitijtyagi/SapientRepo.git (fetch)
SapientRepo     https://github.com/Kshitijtyagi/SapientRepo.git (push)

C:\Users\kshtyagi\Documents\GITDir>